  Bullet.cpp
C:\Users\xasa7\OneDrive\Documentos\GitHub\SDL_Tutorial\SDL3_Base\source\Vector2.h(104,9): warning C4227: se ha utilizado un anacronismo: se omiten los calificadores de la referencia
  (compilando archivo de origen "source/Bullet.cpp")
  
C:\Users\xasa7\OneDrive\Documentos\GitHub\SDL_Tutorial\SDL3_Base\source\Vector2.h(110,9): warning C4227: se ha utilizado un anacronismo: se omiten los calificadores de la referencia
  (compilando archivo de origen "source/Bullet.cpp")
  
C:\Users\xasa7\OneDrive\Documentos\GitHub\SDL_Tutorial\SDL3_Base\source\Vector2.h(124,9): warning C4227: se ha utilizado un anacronismo: se omiten los calificadores de la referencia
  (compilando archivo de origen "source/Bullet.cpp")
  
C:\Users\xasa7\OneDrive\Documentos\GitHub\SDL_Tutorial\SDL3_Base\source\Bullet.cpp(48,92): warning C4267: '=': conversión de 'size_t' a 'int'; posible pérdida de datos
  Cannon.cpp
C:\Users\xasa7\OneDrive\Documentos\GitHub\SDL_Tutorial\SDL3_Base\source\Vector2.h(104,9): warning C4227: se ha utilizado un anacronismo: se omiten los calificadores de la referencia
  (compilando archivo de origen "source/Cannon.cpp")
  
C:\Users\xasa7\OneDrive\Documentos\GitHub\SDL_Tutorial\SDL3_Base\source\Vector2.h(110,9): warning C4227: se ha utilizado un anacronismo: se omiten los calificadores de la referencia
  (compilando archivo de origen "source/Cannon.cpp")
  
C:\Users\xasa7\OneDrive\Documentos\GitHub\SDL_Tutorial\SDL3_Base\source\Vector2.h(124,9): warning C4227: se ha utilizado un anacronismo: se omiten los calificadores de la referencia
  (compilando archivo de origen "source/Cannon.cpp")
  
  DamageableObject.cpp
C:\Users\xasa7\OneDrive\Documentos\GitHub\SDL_Tutorial\SDL3_Base\source\Vector2.h(104,9): warning C4227: se ha utilizado un anacronismo: se omiten los calificadores de la referencia
  (compilando archivo de origen "source/DamageableObject.cpp")
  
C:\Users\xasa7\OneDrive\Documentos\GitHub\SDL_Tutorial\SDL3_Base\source\Vector2.h(110,9): warning C4227: se ha utilizado un anacronismo: se omiten los calificadores de la referencia
  (compilando archivo de origen "source/DamageableObject.cpp")
  
C:\Users\xasa7\OneDrive\Documentos\GitHub\SDL_Tutorial\SDL3_Base\source\Vector2.h(124,9): warning C4227: se ha utilizado un anacronismo: se omiten los calificadores de la referencia
  (compilando archivo de origen "source/DamageableObject.cpp")
  
  ForceField.cpp
C:\Users\xasa7\OneDrive\Documentos\GitHub\SDL_Tutorial\SDL3_Base\source\Vector2.h(104,9): warning C4227: se ha utilizado un anacronismo: se omiten los calificadores de la referencia
  (compilando archivo de origen "source/ForceField.cpp")
  
C:\Users\xasa7\OneDrive\Documentos\GitHub\SDL_Tutorial\SDL3_Base\source\Vector2.h(110,9): warning C4227: se ha utilizado un anacronismo: se omiten los calificadores de la referencia
  (compilando archivo de origen "source/ForceField.cpp")
  
C:\Users\xasa7\OneDrive\Documentos\GitHub\SDL_Tutorial\SDL3_Base\source\Vector2.h(124,9): warning C4227: se ha utilizado un anacronismo: se omiten los calificadores de la referencia
  (compilando archivo de origen "source/ForceField.cpp")
  
  GameObject.cpp
C:\Users\xasa7\OneDrive\Documentos\GitHub\SDL_Tutorial\SDL3_Base\source\Vector2.h(104,9): warning C4227: se ha utilizado un anacronismo: se omiten los calificadores de la referencia
  (compilando archivo de origen "source/GameObject.cpp")
  
C:\Users\xasa7\OneDrive\Documentos\GitHub\SDL_Tutorial\SDL3_Base\source\Vector2.h(110,9): warning C4227: se ha utilizado un anacronismo: se omiten los calificadores de la referencia
  (compilando archivo de origen "source/GameObject.cpp")
  
C:\Users\xasa7\OneDrive\Documentos\GitHub\SDL_Tutorial\SDL3_Base\source\Vector2.h(124,9): warning C4227: se ha utilizado un anacronismo: se omiten los calificadores de la referencia
  (compilando archivo de origen "source/GameObject.cpp")
  
  Gameplay.cpp
C:\Users\xasa7\OneDrive\Documentos\GitHub\SDL_Tutorial\SDL3_Base\source\Vector2.h(104,9): warning C4227: se ha utilizado un anacronismo: se omiten los calificadores de la referencia
  (compilando archivo de origen "source/Gameplay.cpp")
  
C:\Users\xasa7\OneDrive\Documentos\GitHub\SDL_Tutorial\SDL3_Base\source\Vector2.h(110,9): warning C4227: se ha utilizado un anacronismo: se omiten los calificadores de la referencia
  (compilando archivo de origen "source/Gameplay.cpp")
  
C:\Users\xasa7\OneDrive\Documentos\GitHub\SDL_Tutorial\SDL3_Base\source\Vector2.h(124,9): warning C4227: se ha utilizado un anacronismo: se omiten los calificadores de la referencia
  (compilando archivo de origen "source/Gameplay.cpp")
  
C:\Users\xasa7\OneDrive\Documentos\GitHub\SDL_Tutorial\SDL3_Base\source\TestObject.h(11,70): warning C4244: 'argumento': conversión de 'unsigned int' a 'float'; posible pérdida de datos
  (compilando archivo de origen "source/Gameplay.cpp")
  
C:\Users\xasa7\OneDrive\Documentos\GitHub\SDL_Tutorial\SDL3_Base\source\TestObject.h(11,43): warning C4244: 'argumento': conversión de 'unsigned int' a 'float'; posible pérdida de datos
  (compilando archivo de origen "source/Gameplay.cpp")
  
C:\Users\xasa7\OneDrive\Documentos\GitHub\SDL_Tutorial\SDL3_Base\source\Background.h(11,67): warning C4244: 'argumento': conversión de 'unsigned int' a 'float'; posible pérdida de datos
  (compilando archivo de origen "source/Gameplay.cpp")
  
C:\Users\xasa7\OneDrive\Documentos\GitHub\SDL_Tutorial\SDL3_Base\source\Background.h(11,45): warning C4244: 'argumento': conversión de 'unsigned int' a 'float'; posible pérdida de datos
  (compilando archivo de origen "source/Gameplay.cpp")
  
C:\Users\xasa7\OneDrive\Documentos\GitHub\SDL_Tutorial\SDL3_Base\source\Background.h(11,73): warning C4244: 'argumento': conversión de 'int' a 'const float'; posible pérdida de datos
  (compilando archivo de origen "source/Gameplay.cpp")
  
C:\Users\xasa7\OneDrive\Documentos\GitHub\SDL_Tutorial\SDL3_Base\source\Background.h(32,15): warning C4244: 'inicializando': conversión de 'const unsigned int' a 'float'; posible pérdida de datos
  (compilando archivo de origen "source/Gameplay.cpp")
  
C:\Users\xasa7\OneDrive\Documentos\GitHub\SDL_Tutorial\SDL3_Base\source\Background.h(33,16): warning C4244: 'inicializando': conversión de 'const unsigned int' a 'float'; posible pérdida de datos
  (compilando archivo de origen "source/Gameplay.cpp")
  
  Item.cpp
C:\Users\xasa7\OneDrive\Documentos\GitHub\SDL_Tutorial\SDL3_Base\source\Vector2.h(104,9): warning C4227: se ha utilizado un anacronismo: se omiten los calificadores de la referencia
  (compilando archivo de origen "source/Item.cpp")
  
C:\Users\xasa7\OneDrive\Documentos\GitHub\SDL_Tutorial\SDL3_Base\source\Vector2.h(110,9): warning C4227: se ha utilizado un anacronismo: se omiten los calificadores de la referencia
  (compilando archivo de origen "source/Item.cpp")
  
C:\Users\xasa7\OneDrive\Documentos\GitHub\SDL_Tutorial\SDL3_Base\source\Vector2.h(124,9): warning C4227: se ha utilizado un anacronismo: se omiten los calificadores de la referencia
  (compilando archivo de origen "source/Item.cpp")
  
C:\Users\xasa7\OneDrive\Documentos\GitHub\SDL_Tutorial\SDL3_Base\source\Background.h(11,67): warning C4244: 'argumento': conversión de 'unsigned int' a 'float'; posible pérdida de datos
  (compilando archivo de origen "source/Item.cpp")
  
C:\Users\xasa7\OneDrive\Documentos\GitHub\SDL_Tutorial\SDL3_Base\source\Background.h(11,45): warning C4244: 'argumento': conversión de 'unsigned int' a 'float'; posible pérdida de datos
  (compilando archivo de origen "source/Item.cpp")
  
C:\Users\xasa7\OneDrive\Documentos\GitHub\SDL_Tutorial\SDL3_Base\source\Background.h(11,73): warning C4244: 'argumento': conversión de 'int' a 'const float'; posible pérdida de datos
  (compilando archivo de origen "source/Item.cpp")
  
C:\Users\xasa7\OneDrive\Documentos\GitHub\SDL_Tutorial\SDL3_Base\source\Background.h(32,15): warning C4244: 'inicializando': conversión de 'const unsigned int' a 'float'; posible pérdida de datos
  (compilando archivo de origen "source/Item.cpp")
  
C:\Users\xasa7\OneDrive\Documentos\GitHub\SDL_Tutorial\SDL3_Base\source\Background.h(33,16): warning C4244: 'inicializando': conversión de 'const unsigned int' a 'float'; posible pérdida de datos
  (compilando archivo de origen "source/Item.cpp")
  
C:\Users\xasa7\OneDrive\Documentos\GitHub\SDL_Tutorial\SDL3_Base\source\Item.cpp(23,40): warning C4244: 'argumento': conversión de 'const unsigned int' a 'float'; posible pérdida de datos
  Laser.cpp
C:\Users\xasa7\OneDrive\Documentos\GitHub\SDL_Tutorial\SDL3_Base\source\Vector2.h(104,9): warning C4227: se ha utilizado un anacronismo: se omiten los calificadores de la referencia
  (compilando archivo de origen "source/Laser.cpp")
  
C:\Users\xasa7\OneDrive\Documentos\GitHub\SDL_Tutorial\SDL3_Base\source\Vector2.h(110,9): warning C4227: se ha utilizado un anacronismo: se omiten los calificadores de la referencia
  (compilando archivo de origen "source/Laser.cpp")
  
C:\Users\xasa7\OneDrive\Documentos\GitHub\SDL_Tutorial\SDL3_Base\source\Vector2.h(124,9): warning C4227: se ha utilizado un anacronismo: se omiten los calificadores de la referencia
  (compilando archivo de origen "source/Laser.cpp")
  
  Player.cpp
C:\Users\xasa7\OneDrive\Documentos\GitHub\SDL_Tutorial\SDL3_Base\source\Vector2.h(104,9): warning C4227: se ha utilizado un anacronismo: se omiten los calificadores de la referencia
  (compilando archivo de origen "source/Player.cpp")
  
C:\Users\xasa7\OneDrive\Documentos\GitHub\SDL_Tutorial\SDL3_Base\source\Vector2.h(110,9): warning C4227: se ha utilizado un anacronismo: se omiten los calificadores de la referencia
  (compilando archivo de origen "source/Player.cpp")
  
C:\Users\xasa7\OneDrive\Documentos\GitHub\SDL_Tutorial\SDL3_Base\source\Vector2.h(124,9): warning C4227: se ha utilizado un anacronismo: se omiten los calificadores de la referencia
  (compilando archivo de origen "source/Player.cpp")
  
C:\Users\xasa7\OneDrive\Documentos\GitHub\SDL_Tutorial\SDL3_Base\source\Background.h(11,67): warning C4244: 'argumento': conversión de 'unsigned int' a 'float'; posible pérdida de datos
  (compilando archivo de origen "source/Player.cpp")
  
C:\Users\xasa7\OneDrive\Documentos\GitHub\SDL_Tutorial\SDL3_Base\source\Background.h(11,45): warning C4244: 'argumento': conversión de 'unsigned int' a 'float'; posible pérdida de datos
  (compilando archivo de origen "source/Player.cpp")
  
C:\Users\xasa7\OneDrive\Documentos\GitHub\SDL_Tutorial\SDL3_Base\source\Background.h(11,73): warning C4244: 'argumento': conversión de 'int' a 'const float'; posible pérdida de datos
  (compilando archivo de origen "source/Player.cpp")
  
C:\Users\xasa7\OneDrive\Documentos\GitHub\SDL_Tutorial\SDL3_Base\source\Background.h(32,15): warning C4244: 'inicializando': conversión de 'const unsigned int' a 'float'; posible pérdida de datos
  (compilando archivo de origen "source/Player.cpp")
  
C:\Users\xasa7\OneDrive\Documentos\GitHub\SDL_Tutorial\SDL3_Base\source\Background.h(33,16): warning C4244: 'inicializando': conversión de 'const unsigned int' a 'float'; posible pérdida de datos
  (compilando archivo de origen "source/Player.cpp")
  
C:\Users\xasa7\OneDrive\Documentos\GitHub\SDL_Tutorial\SDL3_Base\source\Player.cpp(42,36): warning C4244: '=': conversión de 'float' a 'int'; posible pérdida de datos
C:\Users\xasa7\OneDrive\Documentos\GitHub\SDL_Tutorial\SDL3_Base\source\Player.cpp(168,61): warning C4244: '+=': conversión de 'float' a 'int'; posible pérdida de datos
C:\Users\xasa7\OneDrive\Documentos\GitHub\SDL_Tutorial\SDL3_Base\source\Player.cpp(177,60): warning C4244: '+=': conversión de 'float' a 'int'; posible pérdida de datos
C:\Users\xasa7\OneDrive\Documentos\GitHub\SDL_Tutorial\SDL3_Base\source\Player.cpp(193,61): warning C4244: '+=': conversión de 'float' a 'int'; posible pérdida de datos
C:\Users\xasa7\OneDrive\Documentos\GitHub\SDL_Tutorial\SDL3_Base\source\Player.cpp(203,50): warning C4244: '=': conversión de 'int' a 'float'; posible pérdida de datos
  Scene.cpp
C:\Users\xasa7\OneDrive\Documentos\GitHub\SDL_Tutorial\SDL3_Base\source\Vector2.h(104,9): warning C4227: se ha utilizado un anacronismo: se omiten los calificadores de la referencia
  (compilando archivo de origen "source/Scene.cpp")
  
C:\Users\xasa7\OneDrive\Documentos\GitHub\SDL_Tutorial\SDL3_Base\source\Vector2.h(110,9): warning C4227: se ha utilizado un anacronismo: se omiten los calificadores de la referencia
  (compilando archivo de origen "source/Scene.cpp")
  
C:\Users\xasa7\OneDrive\Documentos\GitHub\SDL_Tutorial\SDL3_Base\source\Vector2.h(124,9): warning C4227: se ha utilizado un anacronismo: se omiten los calificadores de la referencia
  (compilando archivo de origen "source/Scene.cpp")
  
C:\Users\xasa7\OneDrive\Documentos\GitHub\SDL_Tutorial\SDL3_Base\source\Background.h(11,67): warning C4244: 'argumento': conversión de 'unsigned int' a 'float'; posible pérdida de datos
  (compilando archivo de origen "source/Scene.cpp")
  
C:\Users\xasa7\OneDrive\Documentos\GitHub\SDL_Tutorial\SDL3_Base\source\Background.h(11,45): warning C4244: 'argumento': conversión de 'unsigned int' a 'float'; posible pérdida de datos
  (compilando archivo de origen "source/Scene.cpp")
  
C:\Users\xasa7\OneDrive\Documentos\GitHub\SDL_Tutorial\SDL3_Base\source\Background.h(11,73): warning C4244: 'argumento': conversión de 'int' a 'const float'; posible pérdida de datos
  (compilando archivo de origen "source/Scene.cpp")
  
C:\Users\xasa7\OneDrive\Documentos\GitHub\SDL_Tutorial\SDL3_Base\source\Background.h(32,15): warning C4244: 'inicializando': conversión de 'const unsigned int' a 'float'; posible pérdida de datos
  (compilando archivo de origen "source/Scene.cpp")
  
C:\Users\xasa7\OneDrive\Documentos\GitHub\SDL_Tutorial\SDL3_Base\source\Background.h(33,16): warning C4244: 'inicializando': conversión de 'const unsigned int' a 'float'; posible pérdida de datos
  (compilando archivo de origen "source/Scene.cpp")
  
C:\Users\xasa7\OneDrive\Documentos\GitHub\SDL_Tutorial\SDL3_Base\source\Scene.cpp(16,16): warning C4267: 'inicializando': conversión de 'size_t' a 'int'; posible pérdida de datos
C:\Users\xasa7\OneDrive\Documentos\GitHub\SDL_Tutorial\SDL3_Base\source\Scene.cpp(25,16): warning C4267: 'inicializando': conversión de 'size_t' a 'int'; posible pérdida de datos
C:\Users\xasa7\OneDrive\Documentos\GitHub\SDL_Tutorial\SDL3_Base\source\Scene.cpp(41,17): warning C4267: 'inicializando': conversión de 'size_t' a 'int'; posible pérdida de datos
C:\Users\xasa7\OneDrive\Documentos\GitHub\SDL_Tutorial\SDL3_Base\source\Scene.cpp(53,16): warning C4267: 'inicializando': conversión de 'size_t' a 'int'; posible pérdida de datos
  Score.cpp
C:\Users\xasa7\OneDrive\Documentos\GitHub\SDL_Tutorial\SDL3_Base\source\Vector2.h(104,9): warning C4227: se ha utilizado un anacronismo: se omiten los calificadores de la referencia
  (compilando archivo de origen "source/Score.cpp")
  
C:\Users\xasa7\OneDrive\Documentos\GitHub\SDL_Tutorial\SDL3_Base\source\Vector2.h(110,9): warning C4227: se ha utilizado un anacronismo: se omiten los calificadores de la referencia
  (compilando archivo de origen "source/Score.cpp")
  
C:\Users\xasa7\OneDrive\Documentos\GitHub\SDL_Tutorial\SDL3_Base\source\Vector2.h(124,9): warning C4227: se ha utilizado un anacronismo: se omiten los calificadores de la referencia
  (compilando archivo de origen "source/Score.cpp")
  
  Shield.cpp
C:\Users\xasa7\OneDrive\Documentos\GitHub\SDL_Tutorial\SDL3_Base\source\Vector2.h(104,9): warning C4227: se ha utilizado un anacronismo: se omiten los calificadores de la referencia
  (compilando archivo de origen "source/Shield.cpp")
  
C:\Users\xasa7\OneDrive\Documentos\GitHub\SDL_Tutorial\SDL3_Base\source\Vector2.h(110,9): warning C4227: se ha utilizado un anacronismo: se omiten los calificadores de la referencia
  (compilando archivo de origen "source/Shield.cpp")
  
C:\Users\xasa7\OneDrive\Documentos\GitHub\SDL_Tutorial\SDL3_Base\source\Vector2.h(124,9): warning C4227: se ha utilizado un anacronismo: se omiten los calificadores de la referencia
  (compilando archivo de origen "source/Shield.cpp")
  
  SpeedUpgrade.cpp
C:\Users\xasa7\OneDrive\Documentos\GitHub\SDL_Tutorial\SDL3_Base\source\Vector2.h(104,9): warning C4227: se ha utilizado un anacronismo: se omiten los calificadores de la referencia
  (compilando archivo de origen "source/SpeedUpgrade.cpp")
  
C:\Users\xasa7\OneDrive\Documentos\GitHub\SDL_Tutorial\SDL3_Base\source\Vector2.h(110,9): warning C4227: se ha utilizado un anacronismo: se omiten los calificadores de la referencia
  (compilando archivo de origen "source/SpeedUpgrade.cpp")
  
C:\Users\xasa7\OneDrive\Documentos\GitHub\SDL_Tutorial\SDL3_Base\source\Vector2.h(124,9): warning C4227: se ha utilizado un anacronismo: se omiten los calificadores de la referencia
  (compilando archivo de origen "source/SpeedUpgrade.cpp")
  
  SpeedVfx.cpp
C:\Users\xasa7\OneDrive\Documentos\GitHub\SDL_Tutorial\SDL3_Base\source\Vector2.h(104,9): warning C4227: se ha utilizado un anacronismo: se omiten los calificadores de la referencia
  (compilando archivo de origen "source/SpeedVfx.cpp")
  
C:\Users\xasa7\OneDrive\Documentos\GitHub\SDL_Tutorial\SDL3_Base\source\Vector2.h(110,9): warning C4227: se ha utilizado un anacronismo: se omiten los calificadores de la referencia
  (compilando archivo de origen "source/SpeedVfx.cpp")
  
C:\Users\xasa7\OneDrive\Documentos\GitHub\SDL_Tutorial\SDL3_Base\source\Vector2.h(124,9): warning C4227: se ha utilizado un anacronismo: se omiten los calificadores de la referencia
  (compilando archivo de origen "source/SpeedVfx.cpp")
  
  Turret.cpp
C:\Users\xasa7\OneDrive\Documentos\GitHub\SDL_Tutorial\SDL3_Base\source\Vector2.h(104,9): warning C4227: se ha utilizado un anacronismo: se omiten los calificadores de la referencia
  (compilando archivo de origen "source/Turret.cpp")
  
C:\Users\xasa7\OneDrive\Documentos\GitHub\SDL_Tutorial\SDL3_Base\source\Vector2.h(110,9): warning C4227: se ha utilizado un anacronismo: se omiten los calificadores de la referencia
  (compilando archivo de origen "source/Turret.cpp")
  
C:\Users\xasa7\OneDrive\Documentos\GitHub\SDL_Tutorial\SDL3_Base\source\Vector2.h(124,9): warning C4227: se ha utilizado un anacronismo: se omiten los calificadores de la referencia
  (compilando archivo de origen "source/Turret.cpp")
  
  Generando código...
  SDL3_Base.vcxproj -> C:\Users\xasa7\OneDrive\Documentos\GitHub\SDL_Tutorial\SDL3_Base\binaries\x64Debug\SDL3_Base.exe
  0 archivo(s) copiado(s)
  0 archivo(s) copiado(s)
  0 archivo(s) copiado(s)
  0 archivo(s) copiado(s)
  0 archivo(s) copiado(s)
