c:\users\xasa7\onedrive\documentos\github\sdl_tutorial\sdl3_base\tmp\sdl3_basex64debug\vc145.pdb
c:\users\xasa7\onedrive\documentos\github\sdl_tutorial\sdl3_base\tmp\sdl3_basex64debug\vc145.idb
c:\users\xasa7\onedrive\documentos\github\sdl_tutorial\sdl3_base\tmp\sdl3_basex64debug\textrenderer.obj
c:\users\xasa7\onedrive\documentos\github\sdl_tutorial\sdl3_base\tmp\sdl3_basex64debug\textobject.obj
c:\users\xasa7\onedrive\documentos\github\sdl_tutorial\sdl3_base\tmp\sdl3_basex64debug\scenemanager.obj
c:\users\xasa7\onedrive\documentos\github\sdl_tutorial\sdl3_base\tmp\sdl3_basex64debug\scene.obj
c:\users\xasa7\onedrive\documentos\github\sdl_tutorial\sdl3_base\tmp\sdl3_basex64debug\rigidbody.obj
c:\users\xasa7\onedrive\documentos\github\sdl_tutorial\sdl3_base\tmp\sdl3_basex64debug\rendermanager.obj
c:\users\xasa7\onedrive\documentos\github\sdl_tutorial\sdl3_base\tmp\sdl3_basex64debug\main.obj
c:\users\xasa7\onedrive\documentos\github\sdl_tutorial\sdl3_base\tmp\sdl3_basex64debug\inputmanager.obj
c:\users\xasa7\onedrive\documentos\github\sdl_tutorial\sdl3_base\tmp\sdl3_basex64debug\imagerenderer.obj
c:\users\xasa7\onedrive\documentos\github\sdl_tutorial\sdl3_base\tmp\sdl3_basex64debug\gameplay.obj
c:\users\xasa7\onedrive\documentos\github\sdl_tutorial\sdl3_base\tmp\sdl3_basex64debug\game.obj
c:\users\xasa7\onedrive\documentos\github\sdl_tutorial\sdl3_base\tmp\sdl3_basex64debug\aabb.obj
c:\users\xasa7\onedrive\documentos\github\sdl_tutorial\sdl3_base\binaries\x64debug\sdl3_base.exe
c:\users\xasa7\onedrive\documentos\github\sdl_tutorial\sdl3_base\binaries\x64debug\sdl3_base.pdb
c:\users\xasa7\onedrive\documentos\github\sdl_tutorial\sdl3_base\tmp\sdl3_basex64debug\sdl3_base.ilk
c:\users\xasa7\onedrive\documentos\github\sdl_tutorial\sdl3_base\\binaries\x64debug\sdl3_base.pdb
c:\users\xasa7\onedrive\documentos\github\sdl_tutorial\sdl3_base\\tmp\sdl3_basex64debug\sdl3_base.vcxproj.filelistabsolute.txt
c:\users\xasa7\onedrive\documentos\github\sdl_tutorial\sdl3_base\tmp\sdl3_basex64debug\sdl3_base.tlog\cl.command.1.tlog
c:\users\xasa7\onedrive\documentos\github\sdl_tutorial\sdl3_base\tmp\sdl3_basex64debug\sdl3_base.tlog\cl.items.tlog
c:\users\xasa7\onedrive\documentos\github\sdl_tutorial\sdl3_base\tmp\sdl3_basex64debug\sdl3_base.tlog\cl.read.1.tlog
c:\users\xasa7\onedrive\documentos\github\sdl_tutorial\sdl3_base\tmp\sdl3_basex64debug\sdl3_base.tlog\cl.write.1.tlog
c:\users\xasa7\onedrive\documentos\github\sdl_tutorial\sdl3_base\tmp\sdl3_basex64debug\sdl3_base.tlog\link.command.1.tlog
c:\users\xasa7\onedrive\documentos\github\sdl_tutorial\sdl3_base\tmp\sdl3_basex64debug\sdl3_base.tlog\link.read.1.tlog
c:\users\xasa7\onedrive\documentos\github\sdl_tutorial\sdl3_base\tmp\sdl3_basex64debug\sdl3_base.tlog\link.secondary.1.tlog
c:\users\xasa7\onedrive\documentos\github\sdl_tutorial\sdl3_base\tmp\sdl3_basex64debug\sdl3_base.tlog\link.write.1.tlog
